секунды начаты: 2026-09-24 03:09:43
питание: Now drawing from 'AC Power'
отпечаток кода: a754e704
коммит: aa7dd57
───── предел: HiGHS, один на свободной машине ─────
═══ потолок-час   [03:09:44]
    готово потолок-час [05:11:07]
───── пересчёт: строго по одному ─────
═══ пересчёт-на-зонах   [05:11:07]
    готово пересчёт-на-зонах [05:14:43]
═══ выбытие-на-зонах   [05:14:43]
    готово выбытие-на-зонах [05:18:58]
═══ прокол-на-зонах   [05:18:58]
    готово прокол-на-зонах [05:23:13]
═══ равномерность-на-зонах   [05:23:13]
    готово равномерность-на-зонах [05:24:51]
───── журнал сна за время прогона ─────
записей Sleep с 2026-09-24 03:09:43: 0
машина не спала — замеры действительны
секунды закончены: 2026-09-24 05:24:54
