шаги начаты: 2026-09-24 01:58:59
питание: Now drawing from 'AC Power'
отпечаток кода: a754e704
коммит: aa7dd57
───── фаза 1, по два ─────
═══ база-против-нас   [01:58:59]
═══ кого-переобучать   [01:58:59]
    готово база-против-нас [02:00:31]
    готово кого-переобучать [02:09:24]
порядок кандидатов: E03,E12,E04,E09,E05,E07
двое лучших: E03,E12
═══ кривая-переобучения   [02:09:24]
═══ обучить-против-нанять   [02:09:24]
    готово обучить-против-нанять [02:16:29]
    готово кривая-переобучения [02:20:05]
═══ разрыв-смены   [02:20:05]
═══ перенос-окон   [02:20:05]
    готово перенос-окон [02:25:47]
    готово разрыв-смены [02:27:01]
═══ дефицит-после   [02:27:01]
═══ кто-не-влез   [02:27:01]
    готово кто-не-влез [02:28:08]
    готово дефицит-после [02:30:17]
═══ физпредел-зон   [02:30:17]
═══ окна-спрос   [02:30:17]
    готово окна-спрос [02:30:17]
    готово физпредел-зон [02:30:28]
═══ обязательства-на-зонах   [02:30:28]
═══ равномерность-против-людей   [02:30:28]
    готово обязательства-на-зонах [02:32:32]
    готово равномерность-против-людей [02:36:30]
═══ дешёвая-рекомендация   [02:36:30]
═══ буфер-и-баланс   [02:36:30]
    готово буфер-и-баланс [02:43:41]
    готово дешёвая-рекомендация [02:51:24]
───── отдельные замеры круга 21-го, по два ─────
═══ приоритет   [02:51:24]
═══ база-против-нас-интервалы   [02:51:24]
    готово приоритет [02:52:35]
    готово база-против-нас-интервалы [02:52:54]
═══ рекомендация-честно   [02:52:54]
═══ сколько-людей   [02:52:54]
    готово сколько-людей [02:53:47]
    готово рекомендация-честно [03:08:03]
───── сон за время шагов (для протокола; на шаги не влияет) ─────
записей Sleep с 2026-09-24 01:58:59: 0
шаги закончены: 2026-09-24 03:08:06
